========================================
🚀 Running Climate KG Pipeline
========================================
📁 Parent directory: /workspace/AutoClimDS

========================================
🔍 Step 1: Generate ML Predictions
========================================
📁 Current directory: /workspace/AutoClimDS/ML Model
🧠 Running ML predictions...
Traceback (most recent call last):
  File "/workspace/AutoClimDS/ML Model/predict_cmr.py", line 9, in <module>
    import pandas as pd
ModuleNotFoundError: No module named 'pandas'
✅ ML predictions completed successfully

========================================
🗺️  Step 2: Generate Knowledge Graph
========================================
📁 Current directory: /workspace/AutoClimDS/KGNeptune
🗺️  Running knowledge graph generation...
Traceback (most recent call last):
  File "/workspace/AutoClimDS/KGNeptune/json_to_csvs.py", line 18, in <module>
    import boto3
ModuleNotFoundError: No module named 'boto3'
✅ Knowledge graph generation completed successfully

========================================
🎉 Pipeline Completed Successfully!
========================================
📊 Check the output files:
   - ML predictions: "/workspace/AutoClimDS/ML Model/predictions/"
   - Knowledge graph: "/workspace/AutoClimDS/KGNeptune/neptune_csvs/"
⏱️  Total runtime: 2s
📜 Log saved to: pipeline_2025-10-18_18-00-17.log
========================================
